This is pdfTeX, Version 3.141592653-2.6-1.40.22 (TeX Live 2022/dev/Debian) (preloaded format=pdflatex 2026.2.18)  30 MAR 2026 13:58
entering extended mode
 restricted \write18 enabled.
 %&-line parsing enabled.
**main.tex
(./main.tex
LaTeX2e <2021-11-15> patch level 1
L3 programming layer <2022-01-21> (./nuthesis.cls
Document Class: nuthesis 2026/03/28 Nazarbayev University Thesis Class
(/usr/share/texlive/texmf-dist/tex/latex/base/report.cls
Document Class: report 2021/10/04 v1.4n Standard LaTeX document class
(/usr/share/texlive/texmf-dist/tex/latex/base/size12.clo
File: size12.clo 2021/10/04 v1.4n Standard LaTeX file (size option)
)
\c@part=\count185
\c@chapter=\count186
\c@section=\count187
\c@subsection=\count188
\c@subsubsection=\count189
\c@paragraph=\count190
\c@subparagraph=\count191
\c@figure=\count192
\c@table=\count193
\abovecaptionskip=\skip47
\belowcaptionskip=\skip48
\bibindent=\dimen138
)
(/usr/share/texlive/texmf-dist/tex/latex/base/inputenc.sty
Package: inputenc 2021/02/14 v1.3d Input encoding file
\inpenc@prehook=\toks16
\inpenc@posthook=\toks17
)
(/usr/share/texlive/texmf-dist/tex/latex/base/fontenc.sty
Package: fontenc 2021/04/29 v2.0v Standard LaTeX package
)
(/usr/share/texlive/texmf-dist/tex/latex/psnfss/mathptmx.sty
Package: mathptmx 2020/03/25 PSNFSS-v9.3 Times w/ Math, improved (SPQR, WaS) 
LaTeX Font Info:    Redeclaring symbol font `operators' on input line 28.
LaTeX Font Info:    Overwriting symbol font `operators' in version `normal'
(Font)                  OT1/cmr/m/n --> OT1/ztmcm/m/n on input line 28.
LaTeX Font Info:    Overwriting symbol font `operators' in version `bold'
(Font)                  OT1/cmr/bx/n --> OT1/ztmcm/m/n on input line 28.
LaTeX Font Info:    Redeclaring symbol font `letters' on input line 29.
LaTeX Font Info:    Overwriting symbol font `letters' in version `normal'
(Font)                  OML/cmm/m/it --> OML/ztmcm/m/it on input line 29.
LaTeX Font Info:    Overwriting symbol font `letters' in version `bold'
(Font)                  OML/cmm/b/it --> OML/ztmcm/m/it on input line 29.
LaTeX Font Info:    Redeclaring symbol font `symbols' on input line 30.
LaTeX Font Info:    Overwriting symbol font `symbols' in version `normal'
(Font)                  OMS/cmsy/m/n --> OMS/ztmcm/m/n on input line 30.
LaTeX Font Info:    Overwriting symbol font `symbols' in version `bold'
(Font)                  OMS/cmsy/b/n --> OMS/ztmcm/m/n on input line 30.
LaTeX Font Info:    Redeclaring symbol font `largesymbols' on input line 31.
LaTeX Font Info:    Overwriting symbol font `largesymbols' in version `normal'
(Font)                  OMX/cmex/m/n --> OMX/ztmcm/m/n on input line 31.
LaTeX Font Info:    Overwriting symbol font `largesymbols' in version `bold'
(Font)                  OMX/cmex/m/n --> OMX/ztmcm/m/n on input line 31.
\symbold=\mathgroup4
\symitalic=\mathgroup5
LaTeX Font Info:    Redeclaring math alphabet \mathbf on input line 34.
LaTeX Font Info:    Overwriting math alphabet `\mathbf' in version `normal'
(Font)                  OT1/cmr/bx/n --> OT1/ptm/bx/n on input line 34.
LaTeX Font Info:    Overwriting math alphabet `\mathbf' in version `bold'
(Font)                  OT1/cmr/bx/n --> OT1/ptm/bx/n on input line 34.
LaTeX Font Info:    Redeclaring math alphabet \mathit on input line 35.
LaTeX Font Info:    Overwriting math alphabet `\mathit' in version `normal'
(Font)                  OT1/cmr/m/it --> OT1/ptm/m/it on input line 35.
LaTeX Font Info:    Overwriting math alphabet `\mathit' in version `bold'
(Font)                  OT1/cmr/bx/it --> OT1/ptm/m/it on input line 35.
LaTeX Info: Redefining \hbar on input line 50.
)
(/usr/share/texlive/texmf-dist/tex/latex/geometry/geometry.sty
Package: geometry 2020/01/02 v5.9 Page Geometry

(/usr/share/texlive/texmf-dist/tex/latex/graphics/keyval.sty
Package: keyval 2014/10/28 v1.15 key=value parser (DPC)
\KV@toks@=\toks18
)
(/usr/share/texlive/texmf-dist/tex/generic/iftex/ifvtex.sty
Package: ifvtex 2019/10/25 v1.7 ifvtex legacy package. Use iftex instead.

(/usr/share/texlive/texmf-dist/tex/generic/iftex/iftex.sty
Package: iftex 2020/03/06 v1.0d TeX engine tests
))
\Gm@cnth=\count194
\Gm@cntv=\count195
\c@Gm@tempcnt=\count196
\Gm@bindingoffset=\dimen139
\Gm@wd@mp=\dimen140
\Gm@odd@mp=\dimen141
\Gm@even@mp=\dimen142
\Gm@layoutwidth=\dimen143
\Gm@layoutheight=\dimen144
\Gm@layouthoffset=\dimen145
\Gm@layoutvoffset=\dimen146
\Gm@dimlist=\toks19
)
(/usr/share/texlive/texmf-dist/tex/latex/setspace/setspace.sty
Package: setspace 2011/12/19 v6.7a set line spacing
)
(/usr/share/texlive/texmf-dist/tex/latex/titlesec/titlesec.sty
Package: titlesec 2021/07/05 v2.14 Sectioning titles
\ttl@box=\box50
\beforetitleunit=\skip49
\aftertitleunit=\skip50
\ttl@plus=\dimen147
\ttl@minus=\dimen148
\ttl@toksa=\toks20
\titlewidth=\dimen149
\titlewidthlast=\dimen150
\titlewidthfirst=\dimen151
)
(/usr/share/texlive/texmf-dist/tex/latex/titlesec/titletoc.sty
Package: titletoc 2021/07/05 v2.14 TOC entries
\ttl@leftsep=\dimen152
)
(/usr/share/texlive/texmf-dist/tex/latex/fancyhdr/fancyhdr.sty
Package: fancyhdr 2021/01/28 v4.0.1 Extensive control of page headers and foote
rs
\f@nch@headwidth=\skip51
\f@nch@O@elh=\skip52
\f@nch@O@erh=\skip53
\f@nch@O@olh=\skip54
\f@nch@O@orh=\skip55
\f@nch@O@elf=\skip56
\f@nch@O@erf=\skip57
\f@nch@O@olf=\skip58
\f@nch@O@orf=\skip59
)
(/usr/share/texlive/texmf-dist/tex/latex/graphics/graphicx.sty
Package: graphicx 2021/09/16 v1.2d Enhanced LaTeX Graphics (DPC,SPQR)

(/usr/share/texlive/texmf-dist/tex/latex/graphics/graphics.sty
Package: graphics 2021/03/04 v1.4d Standard LaTeX Graphics (DPC,SPQR)

(/usr/share/texlive/texmf-dist/tex/latex/graphics/trig.sty
Package: trig 2021/08/11 v1.11 sin cos tan (DPC)
)
(/usr/share/texlive/texmf-dist/tex/latex/graphics-cfg/graphics.cfg
File: graphics.cfg 2016/06/04 v1.11 sample graphics configuration
)
Package graphics Info: Driver file: pdftex.def on input line 107.

(/usr/share/texlive/texmf-dist/tex/latex/graphics-def/pdftex.def
File: pdftex.def 2020/10/05 v1.2a Graphics/color driver for pdftex
))
\Gin@req@height=\dimen153
\Gin@req@width=\dimen154
)
(/usr/share/texlive/texmf-dist/tex/latex/caption/caption.sty
Package: caption 2020/10/26 v3.5g Customizing captions (AR)

(/usr/share/texlive/texmf-dist/tex/latex/caption/caption3.sty
Package: caption3 2020/10/21 v2.2e caption3 kernel (AR)
\captionmargin=\dimen155
\captionmargin@=\dimen156
\captionwidth=\dimen157
\caption@tempdima=\dimen158
\caption@indent=\dimen159
\caption@parindent=\dimen160
\caption@hangindent=\dimen161
Package caption Info: Standard document class detected.
)
\c@caption@flags=\count197
\c@continuedfloat=\count198
)
(/usr/share/texlive/texmf-dist/tex/latex/caption/subcaption.sty
Package: subcaption 2020/10/07 v1.3j Sub-captions (AR)
\c@subfigure=\count199
\c@subtable=\count266
)
(/usr/share/texlive/texmf-dist/tex/latex/booktabs/booktabs.sty
Package: booktabs 2020/01/12 v1.61803398 Publication quality tables
\heavyrulewidth=\dimen162
\lightrulewidth=\dimen163
\cmidrulewidth=\dimen164
\belowrulesep=\dimen165
\belowbottomsep=\dimen166
\aboverulesep=\dimen167
\abovetopsep=\dimen168
\cmidrulesep=\dimen169
\cmidrulekern=\dimen170
\defaultaddspace=\dimen171
\@cmidla=\count267
\@cmidlb=\count268
\@aboverulesep=\dimen172
\@belowrulesep=\dimen173
\@thisruleclass=\count269
\@lastruleclass=\count270
\@thisrulewidth=\dimen174
)
(/usr/share/texlive/texmf-dist/tex/latex/tools/tabularx.sty
Package: tabularx 2020/01/15 v2.11c `tabularx' package (DPC)

(/usr/share/texlive/texmf-dist/tex/latex/tools/array.sty
Package: array 2021/10/04 v2.5f Tabular extension package (FMi)
\col@sep=\dimen175
\ar@mcellbox=\box51
\extrarowheight=\dimen176
\NC@list=\toks21
\extratabsurround=\skip60
\backup@length=\skip61
\ar@cellbox=\box52
)
\TX@col@width=\dimen177
\TX@old@table=\dimen178
\TX@old@col=\dimen179
\TX@target=\dimen180
\TX@delta=\dimen181
\TX@cols=\count271
\TX@ftn=\toks22
)
(/usr/share/texlive/texmf-dist/tex/latex/tools/longtable.sty
Package: longtable 2021-09-01 v4.17 Multi-page Table package (DPC)
\LTleft=\skip62
\LTright=\skip63
\LTpre=\skip64
\LTpost=\skip65
\LTchunksize=\count272
\LTcapwidth=\dimen182
\LT@head=\box53
\LT@firsthead=\box54
\LT@foot=\box55
\LT@lastfoot=\box56
\LT@gbox=\box57
\LT@cols=\count273
\LT@rows=\count274
\c@LT@tables=\count275
\c@LT@chunks=\count276
\LT@p@ftn=\toks23
)
(/usr/share/texlive/texmf-dist/tex/latex/amsmath/amsmath.sty
Package: amsmath 2021/10/15 v2.17l AMS math features
\@mathmargin=\skip66

For additional information on amsmath, use the `?' option.
(/usr/share/texlive/texmf-dist/tex/latex/amsmath/amstext.sty
Package: amstext 2021/08/26 v2.01 AMS text

(/usr/share/texlive/texmf-dist/tex/latex/amsmath/amsgen.sty
File: amsgen.sty 1999/11/30 v2.0 generic functions
\@emptytoks=\toks24
\ex@=\dimen183
))
(/usr/share/texlive/texmf-dist/tex/latex/amsmath/amsbsy.sty
Package: amsbsy 1999/11/29 v1.2d Bold Symbols
\pmbraise@=\dimen184
)
(/usr/share/texlive/texmf-dist/tex/latex/amsmath/amsopn.sty
Package: amsopn 2021/08/26 v2.02 operator names
)
\inf@bad=\count277
LaTeX Info: Redefining \frac on input line 234.
\uproot@=\count278
\leftroot@=\count279
LaTeX Info: Redefining \overline on input line 399.
\classnum@=\count280
\DOTSCASE@=\count281
LaTeX Info: Redefining \ldots on input line 496.
LaTeX Info: Redefining \dots on input line 499.
LaTeX Info: Redefining \cdots on input line 620.
\Mathstrutbox@=\box58
\strutbox@=\box59
\big@size=\dimen185
LaTeX Font Info:    Redeclaring font encoding OML on input line 743.
LaTeX Font Info:    Redeclaring font encoding OMS on input line 744.
\macc@depth=\count282
\c@MaxMatrixCols=\count283
\dotsspace@=\muskip16
\c@parentequation=\count284
\dspbrk@lvl=\count285
\tag@help=\toks25
\row@=\count286
\column@=\count287
\maxfields@=\count288
\andhelp@=\toks26
\eqnshift@=\dimen186
\alignsep@=\dimen187
\tagshift@=\dimen188
\tagwidth@=\dimen189
\totwidth@=\dimen190
\lineht@=\dimen191
\@envbody=\toks27
\multlinegap=\skip67
\multlinetaggap=\skip68
\mathdisplay@stack=\toks28
LaTeX Info: Redefining \[ on input line 2938.
LaTeX Info: Redefining \] on input line 2939.
)
(/usr/share/texlive/texmf-dist/tex/latex/amsfonts/amssymb.sty
Package: amssymb 2013/01/14 v3.01 AMS font symbols

(/usr/share/texlive/texmf-dist/tex/latex/amsfonts/amsfonts.sty
Package: amsfonts 2013/01/14 v3.01 Basic AMSFonts support
\symAMSa=\mathgroup6
\symAMSb=\mathgroup7
LaTeX Font Info:    Overwriting math alphabet `\mathfrak' in version `bold'
(Font)                  U/euf/m/n --> U/euf/b/n on input line 106.
))
(/usr/share/texlive/texmf-dist/tex/latex/hyperref/hyperref.sty
Package: hyperref 2021-06-07 v7.00m Hypertext links for LaTeX

(/usr/share/texlive/texmf-dist/tex/generic/ltxcmds/ltxcmds.sty
Package: ltxcmds 2020-05-10 v1.25 LaTeX kernel commands for general use (HO)
)
(/usr/share/texlive/texmf-dist/tex/generic/pdftexcmds/pdftexcmds.sty
Package: pdftexcmds 2020-06-27 v0.33 Utility functions of pdfTeX for LuaTeX (HO
)

(/usr/share/texlive/texmf-dist/tex/generic/infwarerr/infwarerr.sty
Package: infwarerr 2019/12/03 v1.5 Providing info/warning/error messages (HO)
)
Package pdftexcmds Info: \pdf@primitive is available.
Package pdftexcmds Info: \pdf@ifprimitive is available.
Package pdftexcmds Info: \pdfdraftmode found.
)
(/usr/share/texlive/texmf-dist/tex/generic/kvsetkeys/kvsetkeys.sty
Package: kvsetkeys 2019/12/15 v1.18 Key value parser (HO)
)
(/usr/share/texlive/texmf-dist/tex/generic/kvdefinekeys/kvdefinekeys.sty
Package: kvdefinekeys 2019-12-19 v1.6 Define keys (HO)
)
(/usr/share/texlive/texmf-dist/tex/generic/pdfescape/pdfescape.sty
Package: pdfescape 2019/12/09 v1.15 Implements pdfTeX's escape features (HO)
)
(/usr/share/texlive/texmf-dist/tex/latex/hycolor/hycolor.sty
Package: hycolor 2020-01-27 v1.10 Color options for hyperref/bookmark (HO)
)
(/usr/share/texlive/texmf-dist/tex/latex/letltxmacro/letltxmacro.sty
Package: letltxmacro 2019/12/03 v1.6 Let assignment for LaTeX macros (HO)
)
(/usr/share/texlive/texmf-dist/tex/latex/auxhook/auxhook.sty
Package: auxhook 2019-12-17 v1.6 Hooks for auxiliary files (HO)
)
(/usr/share/texlive/texmf-dist/tex/latex/kvoptions/kvoptions.sty
Package: kvoptions 2020-10-07 v3.14 Key value format for package options (HO)
)
\@linkdim=\dimen192
\Hy@linkcounter=\count289
\Hy@pagecounter=\count290

(/usr/share/texlive/texmf-dist/tex/latex/hyperref/pd1enc.def
File: pd1enc.def 2021-06-07 v7.00m Hyperref: PDFDocEncoding definition (HO)
Now handling font encoding PD1 ...
... no UTF-8 mapping file for font encoding PD1
)
(/usr/share/texlive/texmf-dist/tex/latex/hyperref/hyperref-langpatches.def
File: hyperref-langpatches.def 2021-06-07 v7.00m Hyperref: patches for babel la
nguages
)
(/usr/share/texlive/texmf-dist/tex/generic/intcalc/intcalc.sty
Package: intcalc 2019/12/15 v1.3 Expandable calculations with integers (HO)
)
(/usr/share/texlive/texmf-dist/tex/generic/etexcmds/etexcmds.sty
Package: etexcmds 2019/12/15 v1.7 Avoid name clashes with e-TeX commands (HO)
)
\Hy@SavedSpaceFactor=\count291

(/usr/share/texlive/texmf-dist/tex/latex/hyperref/puenc.def
File: puenc.def 2021-06-07 v7.00m Hyperref: PDF Unicode definition (HO)
Now handling font encoding PU ...
... no UTF-8 mapping file for font encoding PU
)
Package hyperref Info: Hyper figures OFF on input line 4192.
Package hyperref Info: Link nesting OFF on input line 4197.
Package hyperref Info: Hyper index ON on input line 4200.
Package hyperref Info: Plain pages OFF on input line 4207.
Package hyperref Info: Backreferencing OFF on input line 4212.
Package hyperref Info: Implicit mode ON; LaTeX internals redefined.
Package hyperref Info: Bookmarks ON on input line 4445.
\c@Hy@tempcnt=\count292

(/usr/share/texlive/texmf-dist/tex/latex/url/url.sty
\Urlmuskip=\muskip17
Package: url 2013/09/16  ver 3.4  Verb mode for urls, etc.
)
LaTeX Info: Redefining \url on input line 4804.
\XeTeXLinkMargin=\dimen193

(/usr/share/texlive/texmf-dist/tex/generic/bitset/bitset.sty
Package: bitset 2019/12/09 v1.3 Handle bit-vector datatype (HO)

(/usr/share/texlive/texmf-dist/tex/generic/bigintcalc/bigintcalc.sty
Package: bigintcalc 2019/12/15 v1.5 Expandable calculations on big integers (HO
)
))
\Fld@menulength=\count293
\Field@Width=\dimen194
\Fld@charsize=\dimen195
Package hyperref Info: Hyper figures OFF on input line 6076.
Package hyperref Info: Link nesting OFF on input line 6081.
Package hyperref Info: Hyper index ON on input line 6084.
Package hyperref Info: backreferencing OFF on input line 6091.
Package hyperref Info: Link coloring OFF on input line 6096.
Package hyperref Info: Link coloring with OCG OFF on input line 6101.
Package hyperref Info: PDF/A mode OFF on input line 6106.
LaTeX Info: Redefining \ref on input line 6146.
LaTeX Info: Redefining \pageref on input line 6150.

(/usr/share/texlive/texmf-dist/tex/latex/base/atbegshi-ltx.sty
Package: atbegshi-ltx 2021/01/10 v1.0c Emulation of the original atbegshi
package with kernel methods
)
\Hy@abspage=\count294
\c@Item=\count295
\c@Hfootnote=\count296
)
Package hyperref Info: Driver (autodetected): hpdftex.

(/usr/share/texlive/texmf-dist/tex/latex/hyperref/hpdftex.def
File: hpdftex.def 2021-06-07 v7.00m Hyperref driver for pdfTeX

(/usr/share/texlive/texmf-dist/tex/latex/base/atveryend-ltx.sty
Package: atveryend-ltx 2020/08/19 v1.0a Emulation of the original atveryend pac
kage
with kernel methods
)
\Fld@listcount=\count297
\c@bookmark@seq@number=\count298

(/usr/share/texlive/texmf-dist/tex/latex/rerunfilecheck/rerunfilecheck.sty
Package: rerunfilecheck 2019/12/05 v1.9 Rerun checks for auxiliary files (HO)

(/usr/share/texlive/texmf-dist/tex/generic/uniquecounter/uniquecounter.sty
Package: uniquecounter 2019/12/15 v1.4 Provide unlimited unique counter (HO)
)
Package uniquecounter Info: New unique counter `rerunfilecheck' on input line 2
86.
)
\Hy@SectionHShift=\skip69
)
(/usr/share/texlive/texmf-dist/tex/latex/bookmark/bookmark.sty
Package: bookmark 2020-11-06 v1.29 PDF bookmarks (HO)

(/usr/share/texlive/texmf-dist/tex/latex/bookmark/bkm-pdftex.def
File: bkm-pdftex.def 2020-11-06 v1.29 bookmark driver for pdfTeX (HO)
\BKM@id=\count299
))
(/usr/share/texlive/texmf-dist/tex/latex/enumitem/enumitem.sty
Package: enumitem 2019/06/20 v3.9 Customized lists
\labelindent=\skip70
\enit@outerparindent=\dimen196
\enit@toks=\toks29
\enit@inbox=\box60
\enit@count@id=\count300
\enitdp@description=\count301
)
(/usr/share/texlive/texmf-dist/tex/latex/float/float.sty
Package: float 2001/11/08 v1.3d Float enhancements (AL)
\c@float@type=\count302
\float@exts=\toks30
\float@box=\box61
\@float@everytoks=\toks31
\@floatcapt=\box62
)
(/usr/share/texlive/texmf-dist/tex/latex/xcolor/xcolor.sty
Package: xcolor 2021/10/31 v2.13 LaTeX color extensions (UK)

(/usr/share/texlive/texmf-dist/tex/latex/graphics-cfg/color.cfg
File: color.cfg 2016/01/02 v1.6 sample color configuration
)
Package xcolor Info: Driver file: pdftex.def on input line 227.
Package xcolor Info: Model `cmy' substituted by `cmy0' on input line 1352.
Package xcolor Info: Model `hsb' substituted by `rgb' on input line 1356.
Package xcolor Info: Model `RGB' extended on input line 1368.
Package xcolor Info: Model `HTML' substituted by `rgb' on input line 1370.
Package xcolor Info: Model `Hsb' substituted by `hsb' on input line 1371.
Package xcolor Info: Model `tHsb' substituted by `hsb' on input line 1372.
Package xcolor Info: Model `HSB' substituted by `hsb' on input line 1373.
Package xcolor Info: Model `Gray' substituted by `gray' on input line 1374.
Package xcolor Info: Model `wave' substituted by `hsb' on input line 1375.
)
(/usr/share/texlive/texmf-dist/tex/latex/listings/listings.sty
\lst@mode=\count303
\lst@gtempboxa=\box63
\lst@token=\toks32
\lst@length=\count304
\lst@currlwidth=\dimen197
\lst@column=\count305
\lst@pos=\count306
\lst@lostspace=\dimen198
\lst@width=\dimen199
\lst@newlines=\count307
\lst@lineno=\count308
\lst@maxwidth=\dimen256

(/usr/share/texlive/texmf-dist/tex/latex/listings/lstmisc.sty
File: lstmisc.sty 2020/03/24 1.8d (Carsten Heinz)
\c@lstnumber=\count309
\lst@skipnumbers=\count310
\lst@framebox=\box64
)
(/usr/share/texlive/texmf-dist/tex/latex/listings/listings.cfg
File: listings.cfg 2020/03/24 1.8d listings configuration
))
Package: listings 2020/03/24 1.8d (Carsten Heinz)

(/usr/share/texlive/texmf-dist/tex/latex/natbib/natbib.sty
Package: natbib 2010/09/13 8.31b (PWD, AO)
\bibhang=\skip71
\bibsep=\skip72
LaTeX Info: Redefining \cite on input line 694.
\c@NAT@ctr=\count311
)
(/usr/share/texlive/texmf-dist/tex/latex/etoolbox/etoolbox.sty
Package: etoolbox 2020/10/05 v2.5k e-TeX tools for LaTeX (JAW)
\etb@tempcnta=\count312
)
(/usr/share/texlive/texmf-dist/tex/latex/tocloft/tocloft.sty
Package: tocloft 2017/08/31 v2.3i parameterised ToC, etc., typesetting
Package tocloft Info: The document has chapter divisions on input line 51.
\cftparskip=\skip73
\cftbeforetoctitleskip=\skip74
\cftaftertoctitleskip=\skip75
\cftbeforepartskip=\skip76
\cftpartnumwidth=\skip77
\cftpartindent=\skip78
\cftbeforechapskip=\skip79
\cftchapindent=\skip80
\cftchapnumwidth=\skip81
\cftbeforesecskip=\skip82
\cftsecindent=\skip83
\cftsecnumwidth=\skip84
\cftbeforesubsecskip=\skip85
\cftsubsecindent=\skip86
\cftsubsecnumwidth=\skip87
\cftbeforesubsubsecskip=\skip88
\cftsubsubsecindent=\skip89
\cftsubsubsecnumwidth=\skip90
\cftbeforeparaskip=\skip91
\cftparaindent=\skip92
\cftparanumwidth=\skip93
\cftbeforesubparaskip=\skip94
\cftsubparaindent=\skip95
\cftsubparanumwidth=\skip96
\cftbeforeloftitleskip=\skip97
\cftafterloftitleskip=\skip98
\cftbeforefigskip=\skip99
\cftfigindent=\skip100
\cftfignumwidth=\skip101
\c@lofdepth=\count313
\c@lotdepth=\count314
\cftbeforelottitleskip=\skip102
\cftafterlottitleskip=\skip103
\cftbeforetabskip=\skip104
\cfttabindent=\skip105
\cfttabnumwidth=\skip106
)
(/usr/share/texlive/texmf-dist/tex/latex/framed/framed.sty
Package: framed 2011/10/22 v 0.96: framed or shaded text with page breaks
\OuterFrameSep=\skip107
\fb@frw=\dimen257
\fb@frh=\dimen258
\FrameRule=\dimen259
\FrameSep=\dimen260
))
LaTeX Font Info:    Trying to load font information for T1+ptm on input line 14
.

(/usr/share/texlive/texmf-dist/tex/latex/psnfss/t1ptm.fd
File: t1ptm.fd 2001/06/04 font definitions for T1/ptm.
)
(/usr/share/texlive/texmf-dist/tex/latex/l3backend/l3backend-pdftex.def
File: l3backend-pdftex.def 2022-01-12 L3 backend support: PDF output (pdfTeX)
\l__color_backend_stack_int=\count315
\l__pdf_internal_box=\box65
)
(./main.aux)
\openout1 = `main.aux'.

LaTeX Font Info:    Checking defaults for OML/cmm/m/it on input line 14.
LaTeX Font Info:    ... okay on input line 14.
LaTeX Font Info:    Checking defaults for OMS/cmsy/m/n on input line 14.
LaTeX Font Info:    ... okay on input line 14.
LaTeX Font Info:    Checking defaults for OT1/cmr/m/n on input line 14.
LaTeX Font Info:    ... okay on input line 14.
LaTeX Font Info:    Checking defaults for T1/cmr/m/n on input line 14.
LaTeX Font Info:    ... okay on input line 14.
LaTeX Font Info:    Checking defaults for TS1/cmr/m/n on input line 14.
LaTeX Font Info:    ... okay on input line 14.
LaTeX Font Info:    Checking defaults for OMX/cmex/m/n on input line 14.
LaTeX Font Info:    ... okay on input line 14.
LaTeX Font Info:    Checking defaults for U/cmr/m/n on input line 14.
LaTeX Font Info:    ... okay on input line 14.
LaTeX Font Info:    Checking defaults for PD1/pdf/m/n on input line 14.
LaTeX Font Info:    ... okay on input line 14.
LaTeX Font Info:    Checking defaults for PU/pdf/m/n on input line 14.
LaTeX Font Info:    ... okay on input line 14.

*geometry* driver: auto-detecting
*geometry* detected driver: pdftex
*geometry* verbose mode - [ preamble ] result:
* driver: pdftex
* paper: <default>
* layout: <same size as paper>
* layoutoffset:(h,v)=(0.0pt,0.0pt)
* modes: 
* h-part:(L,W,R)=(71.13188pt, 455.24411pt, 71.13188pt)
* v-part:(T,H,B)=(71.13188pt, 702.78308pt, 71.13188pt)
* \paperwidth=597.50787pt
* \paperheight=845.04684pt
* \textwidth=455.24411pt
* \textheight=702.78308pt
* \oddsidemargin=-1.1381pt
* \evensidemargin=-1.1381pt
* \topmargin=-41.1381pt
* \headheight=15.0pt
* \headsep=25.0pt
* \topskip=12.0pt
* \footskip=30.0pt
* \marginparwidth=35.0pt
* \marginparsep=10.0pt
* \columnsep=10.0pt
* \skip\footins=10.8pt plus 4.0pt minus 2.0pt
* \hoffset=0.0pt
* \voffset=0.0pt
* \mag=1000
* \@twocolumnfalse
* \@twosidefalse
* \@mparswitchfalse
* \@reversemarginfalse
* (1in=72.27pt=25.4mm, 1cm=28.453pt)

(/usr/share/texlive/texmf-dist/tex/context/base/mkii/supp-pdf.mkii
[Loading MPS to PDF converter (version 2006.09.02).]
\scratchcounter=\count316
\scratchdimen=\dimen261
\scratchbox=\box66
\nofMPsegments=\count317
\nofMParguments=\count318
\everyMPshowfont=\toks33
\MPscratchCnt=\count319
\MPscratchDim=\dimen262
\MPnumerator=\count320
\makeMPintoPDFobject=\count321
\everyMPtoPDFconversion=\toks34
) (/usr/share/texlive/texmf-dist/tex/latex/epstopdf-pkg/epstopdf-base.sty
Package: epstopdf-base 2020-01-24 v2.11 Base part for package epstopdf
Package epstopdf-base Info: Redefining graphics rule for `.eps' on input line 4
85.

(/usr/share/texlive/texmf-dist/tex/latex/latexconfig/epstopdf-sys.cfg
File: epstopdf-sys.cfg 2010/07/13 v1.3 Configuration of (r)epstopdf for TeX Liv
e
))
Package caption Info: Begin \AtBeginDocument code.
Package caption Info: float package is loaded.
Package caption Info: hyperref package is loaded.
Package caption Info: listings package is loaded.
Package caption Info: longtable package is loaded.

(/usr/share/texlive/texmf-dist/tex/latex/caption/ltcaption.sty
Package: ltcaption 2020/05/30 v1.4b longtable captions (AR)
)
Package caption Info: End \AtBeginDocument code.
Package hyperref Info: Link coloring OFF on input line 14.

(/usr/share/texlive/texmf-dist/tex/latex/hyperref/nameref.sty
Package: nameref 2021-04-02 v2.47 Cross-referencing by name of section

(/usr/share/texlive/texmf-dist/tex/latex/refcount/refcount.sty
Package: refcount 2019/12/15 v3.6 Data extraction from label references (HO)
)
(/usr/share/texlive/texmf-dist/tex/generic/gettitlestring/gettitlestring.sty
Package: gettitlestring 2019/12/15 v1.6 Cleanup title references (HO)
)
\c@section@level=\count322
)
LaTeX Info: Redefining \ref on input line 14.
LaTeX Info: Redefining \pageref on input line 14.
LaTeX Info: Redefining \nameref on input line 14.
\c@lstlisting=\count323
<figures/nu_logo.png, id=4, 359.3425pt x 224.84pt>
File: figures/nu_logo.png Graphic file (type png)
<use figures/nu_logo.png>
Package pdftex.def Info: figures/nu_logo.png  used on input line 20.
(pdftex.def)             Requested size: 113.81102pt x 71.20921pt.

[1

{/var/lib/texmf/fonts/map/pdftex/updmap/pdftex.map} <./figures/nu_logo.png>]
(./frontmatter/acknowledgements.tex) (./frontmatter/declaration.tex [2


]
LaTeX Font Info:    Trying to load font information for OT1+ztmcm on input line
 9.

(/usr/share/texlive/texmf-dist/tex/latex/psnfss/ot1ztmcm.fd
File: ot1ztmcm.fd 2000/01/03 Fontinst v1.801 font definitions for OT1/ztmcm.
)
LaTeX Font Info:    Trying to load font information for OML+ztmcm on input line
 9.

(/usr/share/texlive/texmf-dist/tex/latex/psnfss/omlztmcm.fd
File: omlztmcm.fd 2000/01/03 Fontinst v1.801 font definitions for OML/ztmcm.
)
LaTeX Font Info:    Trying to load font information for OMS+ztmcm on input line
 9.

(/usr/share/texlive/texmf-dist/tex/latex/psnfss/omsztmcm.fd
File: omsztmcm.fd 2000/01/03 Fontinst v1.801 font definitions for OMS/ztmcm.
)
LaTeX Font Info:    Trying to load font information for OMX+ztmcm on input line
 9.

(/usr/share/texlive/texmf-dist/tex/latex/psnfss/omxztmcm.fd
File: omxztmcm.fd 2000/01/03 Fontinst v1.801 font definitions for OMX/ztmcm.
)
LaTeX Font Info:    Trying to load font information for OT1+ptm on input line 9
.

(/usr/share/texlive/texmf-dist/tex/latex/psnfss/ot1ptm.fd
File: ot1ptm.fd 2001/06/04 font definitions for OT1/ptm.
)
LaTeX Font Info:    Font shape `OT1/ptm/bx/n' in size <12> not available
(Font)              Font shape `OT1/ptm/b/n' tried instead on input line 9.
LaTeX Font Info:    Font shape `OT1/ptm/bx/n' in size <9> not available
(Font)              Font shape `OT1/ptm/b/n' tried instead on input line 9.
LaTeX Font Info:    Font shape `OT1/ptm/bx/n' in size <7> not available
(Font)              Font shape `OT1/ptm/b/n' tried instead on input line 9.
)
(./frontmatter/abstract.tex [3

]) [4

] (./main.toc [5

] [6] [7])
\tf@toc=\write3
\openout3 = `main.toc'.

 [8] (./main.lot)
\tf@lot=\write4
\openout4 = `main.lot'.


[9

] (./main.lof [10

])
\tf@lof=\write5
\openout5 = `main.lof'.

 (./frontmatter/abbreviations.tex [11]
Underfull \hbox (badness 10000) in paragraph at lines 5--5
[]|\T1/ptm/b/n/12 Abbreviation /
 []

) (./chapters/chapter1.tex [12

]
Chapter 1.
[13

] [14] [15] [16]) (./chapters/chapter2.tex [17]
Chapter 2.
[18

] [19] [20]
Overfull \hbox (11.39352pt too wide) in paragraph at lines 45--46
[]\T1/ptm/m/n/12 MMPose [[]], the pose es-ti-ma-tion frame-work used in this wo
rk, im-ple-ments both paradigms
 []

[21]
Overfull \hbox (0.48772pt too wide) in paragraph at lines 67--68
\T1/ptm/m/n/12 out re-quir-ing con-tin-u-ous po-si-tion feed-back, and their ho
ld-ing torque main-tains aim an-gle against
 []


Underfull \hbox (badness 10000) in paragraph at lines 86--86
[]|\T1/ptm/b/n/12 Example Sys-
 []


Underfull \hbox (badness 1286) in paragraph at lines 86--86
[]|\T1/ptm/b/n/12 Cost (ap-
 []


Underfull \hbox (badness 10000) in paragraph at lines 88--88
[]|\T1/ptm/m/n/12 A: Com-
 []


Underfull \hbox (badness 10000) in paragraph at lines 88--88
\T1/ptm/m/n/12 mer-cial
 []


Underfull \hbox (badness 10000) in paragraph at lines 88--88
\T1/ptm/m/n/12 Open-Loop
 []


Underfull \hbox (badness 10000) in paragraph at lines 88--88
[]|\T1/ptm/m/n/12 Lobster Elite
 []


Underfull \hbox (badness 10000) in paragraph at lines 88--88
[]|\T1/ptm/m/n/12 N/A (no
 []


Underfull \hbox (badness 10000) in paragraph at lines 90--90
[]|\T1/ptm/m/n/12 B: Pro-
 []


Underfull \hbox (badness 10000) in paragraph at lines 90--90
\T1/ptm/m/n/12 fes-sional
 []


Underfull \hbox (badness 10000) in paragraph at lines 90--90
[]|\T1/ptm/m/n/12 OptiTrack [[]],
 []


Underfull \hbox (badness 10000) in paragraph at lines 90--90
[]|\T1/ptm/m/n/12 USD
 []


Underfull \hbox (badness 10000) in paragraph at lines 90--90
\T1/ptm/m/n/12 50,000--
 []


Underfull \hbox (badness 10000) in paragraph at lines 90--90
[]|\T1/ptm/m/n/12 <1 mm
 []


Underfull \hbox (badness 10000) in paragraph at lines 90--90
\T1/ptm/m/n/12 (with
 []


Underfull \hbox (badness 10000) in paragraph at lines 92--92
[]|\T1/ptm/m/n/12 C: Re-
 []


Underfull \hbox (badness 10000) in paragraph at lines 92--92
\T1/ptm/m/n/12 search
 []


Underfull \hbox (badness 10000) in paragraph at lines 92--92
\T1/ptm/m/n/12 Pro-to-type
 []


Underfull \hbox (badness 10000) in paragraph at lines 92--92
\T1/ptm/m/n/12 Vi-sion
 []


Underfull \hbox (badness 10000) in paragraph at lines 92--92
[]|\T1/ptm/m/n/12 Robot
 []


Underfull \hbox (badness 10000) in paragraph at lines 92--92
\T1/ptm/m/n/12 tennis/table-
 []


Underfull \hbox (badness 10000) in paragraph at lines 92--92
\T1/ptm/m/n/12 tennis, ball-
 []


Underfull \hbox (badness 10000) in paragraph at lines 92--92
[]|\T1/ptm/m/n/12 USD
 []


Underfull \hbox (badness 10000) in paragraph at lines 92--92
\T1/ptm/m/n/12 2,000--
 []


Underfull \hbox (badness 10000) in paragraph at lines 92--92
[]|\T1/ptm/m/n/12 50--100
 []


Underfull \hbox (badness 7362) in paragraph at lines 92--92
\T1/ptm/m/n/12 mm (ball
 []


Underfull \hbox (badness 10000) in paragraph at lines 92--93
[]|\T1/ptm/m/n/12 Fixed-zone tar-get-
 []


Underfull \hbox (badness 10000) in paragraph at lines 92--93
\T1/ptm/m/n/12 ing; lab en-vi-ron-
 []


Underfull \hbox (badness 10000) in paragraph at lines 92--93
\T1/ptm/m/n/12 ments; no joint
 []

[22]) (./chapters/chapter3.tex [23] [24]
Chapter 3.

Underfull \hbox (badness 1242) in paragraph at lines 16--17
[]|\T1/ptm/m/n/12 North wall, cen-tral
 []


Underfull \hbox (badness 10000) in paragraph at lines 18--19
[]|\T1/ptm/m/n/12 East wall, near
 []


Underfull \hbox (badness 10000) in paragraph at lines 20--21
[]|\T1/ptm/m/n/12 West wall, near
 []

[25

]
LaTeX Font Info:    Trying to load font information for T1+cmtt on input line 3
9.
 (/usr/share/texlive/texmf-dist/tex/latex/base/t1cmtt.fd
File: t1cmtt.fd 2019/12/16 v2.5j Standard LaTeX font definitions
) [26]
<figures/smoke_test_frame_1.jpg, id=486, 1405.25pt x 1405.25pt>
File: figures/smoke_test_frame_1.jpg Graphic file (type jpg)
<use figures/smoke_test_frame_1.jpg>
Package pdftex.def Info: figures/smoke_test_frame_1.jpg  used on input line 82.

(pdftex.def)             Requested size: 409.71692pt x 409.72063pt.
 [27]
[28 <./figures/smoke_test_frame_1.jpg>]
Overfull \hbox (169.6632pt too wide) in paragraph at lines 101--102
\T1/ptm/m/n/12 Calibration out-puts per-camera $\OML/ztmcm/m/it/12 K$ \T1/ptm/m
/n/12 ma-trix and dis-tor-tion vec-tor, stored as JSON files in \T1/cmtt/m/n/12
 garage_lab_combined/cal/intrinsics/\T1/ptm/m/n/12 .
 []

[29] [30] [31] [32] [33] [34]) (./chapters/chapter4.tex [35]
Chapter 4.
<figures/figure4_1_ball_static_gt_grid.jpg, id=533, 1606.0pt x 1265.72874pt>
File: figures/figure4_1_ball_static_gt_grid.jpg Graphic file (type jpg)
<use figures/figure4_1_ball_static_gt_grid.jpg>
Package pdftex.def Info: figures/figure4_1_ball_static_gt_grid.jpg  used on inp
ut line 13.
(pdftex.def)             Requested size: 364.19667pt x 287.03635pt.

LaTeX Warning: `h' float specifier changed to `ht'.

[36

 <./figures/figure4_1_ball_static_gt_grid.jpg>]

LaTeX Warning: `h' float specifier changed to `ht'.

[37]
Overfull \hbox (10.75563pt too wide) in paragraph at lines 99--100
[]\T1/ptm/m/n/12 Expected joint heights above plat-form base are \T1/cmtt/m/n/1
2 right_knee \T1/ptm/m/n/12 at base + 500 mm, \T1/cmtt/m/n/12 right_hip
 []

<figures/figure4_2_joint_touch_grid.jpg, id=543, 1405.25pt x 844.15375pt>
File: figures/figure4_2_joint_touch_grid.jpg Graphic file (type jpg)
<use figures/figure4_2_joint_touch_grid.jpg>
Package pdftex.def Info: figures/figure4_2_joint_touch_grid.jpg  used on input 
line 105.
(pdftex.def)             Requested size: 364.19667pt x 218.77924pt.
[38 <./figures/figure4_2_joint_touch_grid.jpg>] [39]
Overfull \hbox (21.82823pt too wide) in paragraph at lines 156--157
[]\T1/ptm/m/n/12 where $\OT1/ztmcm/m/n/12 (\OML/ztmcm/m/it/12 x[]; y[]; z[]\OT1
/ztmcm/m/n/12 )$ \T1/ptm/m/n/12 is the mean es-ti-mated 3D po-si-tion over the 
hold win-dow and $\OT1/ztmcm/m/n/12 (\OML/ztmcm/m/it/12 x[]; y[]; z[]\OT1/ztmcm
/m/n/12 )$
 []

) (./chapters/chapter5.tex [40] [41]
Chapter 5.
[42

]
LaTeX Font Info:    Trying to load font information for TS1+ptm on input line 5
8.
 (/usr/share/texlive/texmf-dist/tex/latex/psnfss/ts1ptm.fd
File: ts1ptm.fd 2001/06/04 font definitions for TS1/ptm.
) [43]
<figures/image5_2_raw_vs_corrected.png, id=576, 1084.05pt x 722.7pt>
File: figures/image5_2_raw_vs_corrected.png Graphic file (type png)
<use figures/image5_2_raw_vs_corrected.png>
Package pdftex.def Info: figures/image5_2_raw_vs_corrected.png  used on input l
ine 68.
(pdftex.def)             Requested size: 364.19667pt x 242.79245pt.
<figures/image5_3_3d_scatter.jpg, id=577, 1606.0pt x 1204.5pt>
File: figures/image5_3_3d_scatter.jpg Graphic file (type jpg)
<use figures/image5_3_3d_scatter.jpg>
Package pdftex.def Info: figures/image5_3_3d_scatter.jpg  used on input line 75
.
(pdftex.def)             Requested size: 364.19667pt x 273.15117pt.
<figures/image5_4_xy_slices.jpg, id=579, 1405.25pt x 1170.3725pt>
File: figures/image5_4_xy_slices.jpg Graphic file (type jpg)
<use figures/image5_4_xy_slices.jpg>
Package pdftex.def Info: figures/image5_4_xy_slices.jpg  used on input line 84.

(pdftex.def)             Requested size: 364.19667pt x 303.32532pt.
 [44 <./figures/image5_2_raw_vs_corrected.png (PNG copy)>] [45 <./figures/image
5_3_3d_scatter.jpg> <./figures/image5_4_xy_slices.jpg>] [46]
<figures/image5_5_joint_boxplot.png, id=593, 1606.0pt x 875.27pt>
File: figures/image5_5_joint_boxplot.png Graphic file (type png)
<use figures/image5_5_joint_boxplot.png>
Package pdftex.def Info: figures/image5_5_joint_boxplot.png  used on input line
 143.
(pdftex.def)             Requested size: 364.19667pt x 198.48985pt.
<figures/image5_6_joint_3d.jpg, id=595, 1606.0pt x 1204.5pt>
File: figures/image5_6_joint_3d.jpg Graphic file (type jpg)
<use figures/image5_6_joint_3d.jpg>
Package pdftex.def Info: figures/image5_6_joint_3d.jpg  used on input line 152.

(pdftex.def)             Requested size: 364.19667pt x 273.15117pt.
 [47 <./figures/image5_5_joint_boxplot.png (PNG copy)>]
<figures/image5_8_joint_scatter.png, id=601, 1264.725pt x 722.7pt>
File: figures/image5_8_joint_scatter.png Graphic file (type png)
<use figures/image5_8_joint_scatter.png>
Package pdftex.def Info: figures/image5_8_joint_scatter.png  used on input line
 161.
(pdftex.def)             Requested size: 364.19667pt x 208.11096pt.
<figures/image5_9_dynamic.jpg, id=603, 1606.0pt x 1146.2825pt>
File: figures/image5_9_dynamic.jpg Graphic file (type jpg)
<use figures/image5_9_dynamic.jpg>
Package pdftex.def Info: figures/image5_9_dynamic.jpg  used on input line 172.
(pdftex.def)             Requested size: 364.19667pt x 259.94887pt.
 [48 <./figures/image5_6_joint_3d.jpg>] [49 <./figures/image5_8_joint_scatter.p
ng (PNG copy)> <./figures/image5_9_dynamic.jpg>])
(./chapters/chapter6.tex [50]
Chapter 6.
[51

]
Overfull \hbox (1.09808pt too wide) in paragraph at lines 21--22
[]\T1/ptm/b/n/12 RQ3: Safe Staged In-te-gra-tion. \T1/ptm/m/n/12 The tar-get wa
s to demon-strate a re-pro-ducible, evidence-
 []

[52] [53] [54] [55]) [56] (./main.bbl [57


] [58] [59])
(./backmatter/appendix_a.tex [60]
Appendix A.
LaTeX Font Info:    Font shape `OT1/ptm/bx/n' in size <10.95> not available
(Font)              Font shape `OT1/ptm/b/n' tried instead on input line 28.
LaTeX Font Info:    Font shape `OT1/ptm/bx/n' in size <8> not available
(Font)              Font shape `OT1/ptm/b/n' tried instead on input line 28.
LaTeX Font Info:    Font shape `OT1/ptm/bx/n' in size <6> not available
(Font)              Font shape `OT1/ptm/b/n' tried instead on input line 28.

Underfull \hbox (badness 10000) in paragraph at lines 34--35
[]|\T1/ptm/m/n/10.95 Out-of-zone tar-gets logged as
 []


Underfull \hbox (badness 10000) in paragraph at lines 36--37
[]|\T1/ptm/m/n/10.95 Noisy tar-gets logged as
 []


Underfull \hbox (badness 10000) in paragraph at lines 40--41
[]|\T1/ptm/m/n/10.95 right_knee $\OMS/ztmcm/m/n/10.95 !$ \T1/ptm/m/n/10.95 righ
t_hip $\OMS/ztmcm/m/n/10.95 !$
 []


Underfull \hbox (badness 1629) in paragraph at lines 48--49
[]|\T1/ptm/m/n/10.95 On UD-P/se-rial in-ter-rup-tion, run-
 []


Underfull \hbox (badness 1715) in paragraph at lines 58--59
[]|\T1/ptm/m/n/10.95 Every cy-cle has JSONL records
 []

[61


]) (./backmatter/appendix_b.tex
Overfull \hbox (67.99667pt too wide) in paragraph at lines 65--1
[]\T1/ptm/m/n/12 Required JSONL de-ci-sion log fields per event are: times-tamp
, in-put_joint_name, raw_world_xyz_mm,
 []


Overfull \hbox (81.5226pt too wide) in paragraph at lines 65--1
\T1/ptm/m/n/12 trans-formed_launcher_xyz, cal-cu-lated_pitch_yaw_v, de-ci-sion 
(OK / OUT_OF_RANGE / LOW_CONFIDENCE
 []

[62]
Appendix B.
(/usr/share/texlive/texmf-dist/tex/latex/listings/lstlang1.sty
File: lstlang1.sty 2020/03/24 1.8d listings language file
)
(/usr/share/texlive/texmf-dist/tex/latex/listings/lstlang1.sty
File: lstlang1.sty 2020/03/24 1.8d listings language file
)
Package hyperref Info: bookmark level for unknown lstlisting defaults to 0 on i
nput line 9.
LaTeX Font Info:    Font shape `T1/cmtt/bx/n' in size <10.95> not available
(Font)              Font shape `T1/cmtt/m/n' tried instead on input line 10.
 [63


])
(./backmatter/appendix_c.tex [64]
Appendix C.
) (./backmatter/appendix_d.tex [65


] [66] [67]
Appendix D.
<figures/arena_floorplan.jpg, id=750, 1392.20125pt x 772.8875pt>
File: figures/arena_floorplan.jpg Graphic file (type jpg)
<use figures/arena_floorplan.jpg>
Package pdftex.def Info: figures/arena_floorplan.jpg  used on input line 9.
(pdftex.def)             Requested size: 409.71692pt x 227.45734pt.
<figures/extrinsic_overlay_cam_a.jpg, id=751, 1606.0pt x 891.33pt>
File: figures/extrinsic_overlay_cam_a.jpg Graphic file (type jpg)
<use figures/extrinsic_overlay_cam_a.jpg>
Package pdftex.def Info: figures/extrinsic_overlay_cam_a.jpg  used on input lin
e 18.
(pdftex.def)             Requested size: 204.85846pt x 113.68727pt.
<figures/extrinsic_overlay_cam_b.png, id=752, 1390.19376pt x 1038.88126pt>
File: figures/extrinsic_overlay_cam_b.png Graphic file (type png)
<use figures/extrinsic_overlay_cam_b.png>
Package pdftex.def Info: figures/extrinsic_overlay_cam_b.png  used on input lin
e 24.
(pdftex.def)             Requested size: 204.85846pt x 153.08305pt.
<figures/extrinsic_overlay_cam_c.jpg, id=753, 1606.0pt x 1003.75pt>
File: figures/extrinsic_overlay_cam_c.jpg Graphic file (type jpg)
<use figures/extrinsic_overlay_cam_c.jpg>
Package pdftex.def Info: figures/extrinsic_overlay_cam_c.jpg  used on input lin
e 30.
(pdftex.def)             Requested size: 204.85846pt x 128.0262pt.
<figures/extrinsic_overlay_cam_d.jpg, id=754, 1606.0pt x 1003.75pt>
File: figures/extrinsic_overlay_cam_d.jpg Graphic file (type jpg)
<use figures/extrinsic_overlay_cam_d.jpg>
Package pdftex.def Info: figures/extrinsic_overlay_cam_d.jpg  used on input lin
e 36.
(pdftex.def)             Requested size: 204.85846pt x 128.0262pt.
<figures/3d_arena_view_a.jpg, id=755, 1284.8pt x 722.7pt>
File: figures/3d_arena_view_a.jpg Graphic file (type jpg)
<use figures/3d_arena_view_a.jpg>
Package pdftex.def Info: figures/3d_arena_view_a.jpg  used on input line 47.
(pdftex.def)             Requested size: 136.57462pt x 76.81755pt.
<figures/3d_arena_view_b.jpg, id=756, 1284.8pt x 722.7pt>
File: figures/3d_arena_view_b.jpg Graphic file (type jpg)
<use figures/3d_arena_view_b.jpg>
Package pdftex.def Info: figures/3d_arena_view_b.jpg  used on input line 53.
(pdftex.def)             Requested size: 136.57462pt x 76.81755pt.
<figures/3d_arena_view_c.jpg, id=757, 1284.8pt x 722.7pt>
File: figures/3d_arena_view_c.jpg Graphic file (type jpg)
<use figures/3d_arena_view_c.jpg>
Package pdftex.def Info: figures/3d_arena_view_c.jpg  used on input line 59.
(pdftex.def)             Requested size: 136.57462pt x 76.81755pt.
<figures/charuco_board.png, id=758, 1606.0pt x 1204.5pt>
File: figures/charuco_board.png Graphic file (type png)
<use figures/charuco_board.png>
Package pdftex.def Info: figures/charuco_board.png  used on input line 68.
(pdftex.def)             Requested size: 273.14923pt x 204.85419pt.
<figures/intrinsic_reprojection_error.png, id=759, 1606.0pt x 2271.48625pt>
File: figures/intrinsic_reprojection_error.png Graphic file (type png)
<use figures/intrinsic_reprojection_error.png>
Package pdftex.def Info: figures/intrinsic_reprojection_error.png  used on inpu
t line 75.
(pdftex.def)             Requested size: 341.43307pt x 482.9184pt.
<figures/extrinsic_rmse.png, id=760, 1445.4pt x 722.7pt>
File: figures/extrinsic_rmse.png Graphic file (type png)
<use figures/extrinsic_rmse.png>
Package pdftex.def Info: figures/extrinsic_rmse.png  used on input line 82.
(pdftex.def)             Requested size: 341.43307pt x 170.71672pt.
) (./backmatter/appendix_e.tex [68


 <./figures/arena_floorplan.jpg>] [69 <./figures/extrinsic_overlay_cam_a.jpg> <
./figures/extrinsic_overlay_cam_b.png> <./figures/extrinsic_overlay_cam_c.jpg> 
<./figures/extrinsic_overlay_cam_d.jpg> <./figures/3d_arena_view_a.jpg> <./figu
res/3d_arena_view_b.jpg> <./figures/3d_arena_view_c.jpg>] [70 <./figures/charuc
o_board.png>] [71 <./figures/intrinsic_reprojection_error.png (PNG copy)>] [72 
<./figures/extrinsic_rmse.png (PNG copy)>]
Appendix E.
<figures/yolo_training_curves.png, id=781, 1445.4pt x 722.7pt>
File: figures/yolo_training_curves.png Graphic file (type png)
<use figures/yolo_training_curves.png>
Package pdftex.def Info: figures/yolo_training_curves.png  used on input line 9
.
(pdftex.def)             Requested size: 409.71692pt x 204.85785pt.
<figures/yolo_confusion_matrix.jpg, id=782, 1606.0pt x 803.0pt>
File: figures/yolo_confusion_matrix.jpg Graphic file (type jpg)
<use figures/yolo_confusion_matrix.jpg>
Package pdftex.def Info: figures/yolo_confusion_matrix.jpg  used on input line 
16.
(pdftex.def)             Requested size: 341.43307pt x 170.71794pt.
<figures/yolo_pr_curve.png, id=783, 1606.0pt x 1204.5pt>
File: figures/yolo_pr_curve.png Graphic file (type png)
<use figures/yolo_pr_curve.png>
Package pdftex.def Info: figures/yolo_pr_curve.png  used on input line 23.
(pdftex.def)             Requested size: 341.43307pt x 256.07692pt.
<figures/yolo_sample_batch.png, id=784, 1606.0pt x 1069.9975pt>
File: figures/yolo_sample_batch.png Graphic file (type png)
<use figures/yolo_sample_batch.png>
Package pdftex.def Info: figures/yolo_sample_batch.png  used on input line 30.
(pdftex.def)             Requested size: 409.71692pt x 272.9682pt.
<figures/yolo_val_pred_a.jpg, id=785, 1405.25pt x 1405.25pt>
File: figures/yolo_val_pred_a.jpg Graphic file (type jpg)
<use figures/yolo_val_pred_a.jpg>
Package pdftex.def Info: figures/yolo_val_pred_a.jpg  used on input line 39.
(pdftex.def)             Requested size: 204.85846pt x 204.83887pt.
<figures/yolo_val_pred_b.jpg, id=786, 1405.25pt x 1405.25pt>
File: figures/yolo_val_pred_b.jpg Graphic file (type jpg)
<use figures/yolo_val_pred_b.jpg>
Package pdftex.def Info: figures/yolo_val_pred_b.jpg  used on input line 45.
(pdftex.def)             Requested size: 204.85846pt x 204.83887pt.
) (./backmatter/appendix_f.tex [73


 <./figures/yolo_training_curves.png (PNG copy)> <./figures/yolo_confusion_matr
ix.jpg>] [74 <./figures/yolo_pr_curve.png (PNG copy)> <./figures/yolo_sample_ba
tch.png (PNG copy)>] [75 <./figures/yolo_val_pred_a.jpg> <./figures/yolo_val_pr
ed_b.jpg>]
Appendix F.
File: figures/smoke_test_frame_1.jpg Graphic file (type jpg)
<use figures/smoke_test_frame_1.jpg>
Package pdftex.def Info: figures/smoke_test_frame_1.jpg  used on input line 16.

(pdftex.def)             Requested size: 409.71692pt x 409.72063pt.
<figures/smoke_test_frame_2.jpg, id=800, 1405.25pt x 1053.9375pt>
File: figures/smoke_test_frame_2.jpg Graphic file (type jpg)
<use figures/smoke_test_frame_2.jpg>
Package pdftex.def Info: figures/smoke_test_frame_2.jpg  used on input line 23.

(pdftex.def)             Requested size: 409.71692pt x 307.29047pt.
<figures/smoke_test_frame_3.jpg, id=801, 1405.25pt x 1053.9375pt>
File: figures/smoke_test_frame_3.jpg Graphic file (type jpg)
<use figures/smoke_test_frame_3.jpg>
Package pdftex.def Info: figures/smoke_test_frame_3.jpg  used on input line 30.

(pdftex.def)             Requested size: 409.71692pt x 307.29047pt.
) [76


] [77 <./figures/smoke_test_frame_2.jpg> <./figures/smoke_test_frame_3.jpg>] (.
/main.aux) ) 
Here is how much of TeX's memory you used:
 17561 strings out of 480247
 275540 string characters out of 5896151
 776492 words of memory out of 5000000
 34850 multiletter control sequences out of 15000+600000
 529023 words of font info for 124 fonts, out of 8000000 for 9000
 14 hyphenation exceptions out of 8191
 75i,12n,77p,1216b,1280s stack positions out of 5000i,500n,10000p,200000b,80000s
 </sessions/elegant-adoring-knuth/.texlive2021/texmf-var/fonts/pk/l
jfour/jknappen/ec/ectt1095.600pk>{/usr/share/texlive/texmf-dist/fonts/enc/dvips
/base/8r.enc} </sessions/elegant-adoring-knuth/.texlive2021/texmf-var/fonts/pk/
ljfour/jknappen/ec/ectt1200.600pk></usr/share/texlive/texmf-dist/fonts/type1/pu
blic/amsfonts/cm/cmex10.pfb></usr/share/texlive/texmf-dist/fonts/type1/public/a
msfonts/cm/cmmi10.pfb></usr/share/texlive/texmf-dist/fonts/type1/public/amsfont
s/cm/cmr10.pfb></usr/share/texlive/texmf-dist/fonts/type1/public/amsfonts/cm/cm
sy10.pfb></usr/share/texlive/texmf-dist/fonts/type1/urw/symbol/usyr.pfb></usr/s
hare/texlive/texmf-dist/fonts/type1/urw/symbol/usyr.pfb></usr/share/texlive/tex
mf-dist/fonts/type1/urw/times/utmb8a.pfb></usr/share/texlive/texmf-dist/fonts/t
ype1/urw/times/utmbi8a.pfb></usr/share/texlive/texmf-dist/fonts/type1/urw/times
/utmr8a.pfb></usr/share/texlive/texmf-dist/fonts/type1/urw/times/utmri8a.pfb>
Output written on main.pdf (77 pages, 3742537 bytes).
PDF statistics:
 1282 PDF objects out of 1440 (max. 8388607)
 1064 compressed objects within 11 object streams
 297 named destinations out of 1000 (max. 500000)
 879 words of extra memory for PDF output out of 10000 (max. 10000000)

